[23336:14652:0224/170056.584:WARNING:chrome_main_delegate.cc(745)] This is Chrome version 128.0.6613.138 (not a warning)
[23336:23332:0224/170056.641:ERROR:google_update_settings.cc(265)] Failed opening key Software\Chromium to set usagestats; result: 5
[23336:14652:0224/170056.656:WARNING:account_consistency_mode_manager.cc(77)] Desktop Identity Consistency cannot be enabled as no OAuth client ID and client secret have been configured.
[23336:17864:0224/170058.117:WARNING:leveldb_database.cc(141)] Unable to open C:\Users\ferna\Documents\GitHub\CUUnrealEngine\CUUnrealEngine\Saved\webcache_6613\Default\shared_proto_db\metadata: IO error: C:\Users\ferna\Documents\GitHub\CUUnrealEngine\CUUnrealEngine\Saved\webcache_6613\Default\shared_proto_db\metadata/MANIFEST-000001: Unable to create sequential file (ChromeMethodBFE: 7::NewSequentialFile::1)
[23336:17864:0224/170058.122:WARNING:leveldb_database.cc(141)] Unable to open C:\Users\ferna\Documents\GitHub\CUUnrealEngine\CUUnrealEngine\Saved\webcache_6613\Default\shared_proto_db\metadata: IO error: C:\Users\ferna\Documents\GitHub\CUUnrealEngine\CUUnrealEngine\Saved\webcache_6613\Default\shared_proto_db\metadata/MANIFEST-000001: Unable to create sequential file (ChromeMethodBFE: 7::NewSequentialFile::1)
[23336:17864:0224/170058.126:WARNING:leveldb_database.cc(141)] Unable to open C:\Users\ferna\Documents\GitHub\CUUnrealEngine\CUUnrealEngine\Saved\webcache_6613\Default\shared_proto_db\metadata: IO error: C:\Users\ferna\Documents\GitHub\CUUnrealEngine\CUUnrealEngine\Saved\webcache_6613\Default\shared_proto_db\metadata/MANIFEST-000001: Unable to create sequential file (ChromeMethodBFE: 7::NewSequentialFile::1)
[23336:17864:0224/170058.131:WARNING:leveldb_database.cc(141)] Unable to open C:\Users\ferna\Documents\GitHub\CUUnrealEngine\CUUnrealEngine\Saved\webcache_6613\Default\shared_proto_db\metadata: IO error: C:\Users\ferna\Documents\GitHub\CUUnrealEngine\CUUnrealEngine\Saved\webcache_6613\Default\shared_proto_db\metadata/MANIFEST-000001: Unable to create sequential file (ChromeMethodBFE: 7::NewSequentialFile::1)
[23336:21996:0224/170101.041:WARNING:value_store_frontend.cc(47)] Reading ahfgeienlihckogmohjhadlkjgocpleb.alarms from  failed: IO error: .../MANIFEST-000001: Unable to create sequential file (ChromeMethodBFE: 7::NewSequentialFile::1)
[23336:21996:0224/170101.044:WARNING:value_store_frontend.cc(47)] Reading mhjfbmdgcfjbbpaeojofohoefgiehjai.alarms from  failed: IO error: .../MANIFEST-000001: Unable to create sequential file (ChromeMethodBFE: 7::NewSequentialFile::1)
[7436:10020:0224/170101.398:WARNING:frame_impl.cc(430)] virtual CefFrameImpl::SendProcessMessage sent to detached frame 5-ECD423F76550C9D3D68CAFFE6B5D7B8B will be ignored
[17108:20912:0224/170102.934:WARNING:frame_impl.cc(430)] virtual CefFrameImpl::SendProcessMessage sent to detached frame 6-8E886470C8448DCE9D13AB1537BE5D44 will be ignored
[404:25352:0224/170103.733:ERROR:ssl_client_socket_impl.cc(882)] handshake failed; returned -1, SSL error code 1, net_error -100
[404:25352:0224/170103.770:ERROR:ssl_client_socket_impl.cc(882)] handshake failed; returned -1, SSL error code 1, net_error -107
[23336:16816:0224/170104.808:WARNING:leveldb_database.cc(141)] Unable to open C:\Users\ferna\Documents\GitHub\CUUnrealEngine\CUUnrealEngine\Saved\webcache_6613\Default\GCM Store\Encryption: IO error: C:\Users\ferna\Documents\GitHub\CUUnrealEngine\CUUnrealEngine\Saved\webcache_6613\Default\GCM Store\Encryption/MANIFEST-000001: Unable to create sequential file (ChromeMethodBFE: 7::NewSequentialFile::1)
[404:25352:0224/170111.463:ERROR:ssl_client_socket_impl.cc(882)] handshake failed; returned -1, SSL error code 1, net_error -100
[23336:12908:0224/170337.816:WARNING:browser_info.cc(345)] Returning a speculative frame for [16,10]
[23336:14652:0224/170337.931:WARNING:browser_info.cc(345)] Returning a speculative frame for [16,10]
[23336:14652:0224/170337.931:WARNING:browser_info.cc(345)] Returning a speculative frame for [16,10]
[23336:14652:0224/170337.931:WARNING:browser_info.cc(345)] Returning a speculative frame for [16,10]
[23336:14652:0224/170337.932:WARNING:browser_info.cc(345)] Returning a speculative frame for [16,10]
[23336:14652:0224/170337.934:WARNING:browser_info.cc(345)] Returning a speculative frame for [16,13]
[23336:14652:0224/170337.934:WARNING:browser_info.cc(345)] Returning a speculative frame for [16,13]
[23336:14652:0224/170337.934:WARNING:browser_info.cc(345)] Returning a speculative frame for [16,13]
[23336:14652:0224/170337.934:WARNING:browser_info.cc(345)] Returning a speculative frame for [16,13]
[23336:14652:0224/170342.240:WARNING:capture_device_ranking.h(255)] Can't initialize the value of media.audio_input.user_preference_ranking because media.default_audio_capture_device isn't registered or is empty
[23336:14652:0224/170342.240:WARNING:capture_device_ranking.h(255)] Can't initialize the value of media.video_input.user_preference_ranking because media.default_video_capture_Device isn't registered or is empty
[21644:22260:0224/170542.349:WARNING:frame_impl.cc(430)] virtual CefFrameImpl::SendProcessMessage sent to detached frame F-4EFABD099A0BFAF04172ED690B38A700 will be ignored
[7320:23628:0224/170543.029:ERROR:shared_image_manager.cc(224)] SharedImageManager::ProduceSkia: Trying to Produce a Skia representation from a non-existent mailbox.
[7320:23628:0224/170543.030:ERROR:shared_image_manager.cc(224)] SharedImageManager::ProduceSkia: Trying to Produce a Skia representation from a non-existent mailbox.
[7320:23628:0224/170543.031:ERROR:shared_image_manager.cc(224)] SharedImageManager::ProduceSkia: Trying to Produce a Skia representation from a non-existent mailbox.
[7320:23628:0224/170543.032:ERROR:shared_image_manager.cc(224)] SharedImageManager::ProduceSkia: Trying to Produce a Skia representation from a non-existent mailbox.
[7320:23628:0224/170543.033:ERROR:shared_image_manager.cc(224)] SharedImageManager::ProduceSkia: Trying to Produce a Skia representation from a non-existent mailbox.
[7320:23628:0224/170543.034:ERROR:shared_image_manager.cc(224)] SharedImageManager::ProduceSkia: Trying to Produce a Skia representation from a non-existent mailbox.
[7320:23628:0224/170543.035:ERROR:shared_image_manager.cc(224)] SharedImageManager::ProduceSkia: Trying to Produce a Skia representation from a non-existent mailbox.
[7320:23628:0224/170543.036:ERROR:shared_image_manager.cc(224)] SharedImageManager::ProduceSkia: Trying to Produce a Skia representation from a non-existent mailbox.
[19100:14544:0224/170546.778:ERROR:ffmpeg_common.cc(965)] Unsupported pixel format: -1
[7320:15088:0224/171356.628:WARNING:angle_platform_impl.cc(49)] HLSLCompiler.cpp:250 (rx::HLSLCompiler::compileToBinary): 
C:\fakepath(103,1-6): warning X4000: use of potentially uninitialized variable (dyn_index_vec4_float4_int)

[7320:24164:0224/171356.944:WARNING:angle_platform_impl.cc(49)] HLSLCompiler.cpp:250 (rx::HLSLCompiler::compileToBinary): 
C:\fakepath(136,1): warning X4000: use of potentially uninitialized variable (f_i_int_int_int2)
C:\fakepath(138,1): warning X4000: use of potentially uninitialized variable (f_i_int_int_int2)
C:\fakepath(174,1): warning X4000: use of potentially uninitialized variable (f_u_int_int_int)

[23336:14652:0224/175311.143:WARNING:pref_notifier_impl.cc(41)] Pref observer for media_router.cast_allow_all_ips found at shutdown.
