[4280:14700:0422/234212.342:WARNING:chrome_main_delegate.cc(745)] This is Chrome version 128.0.6613.138 (not a warning)
[4280:6152:0422/234212.544:ERROR:google_update_settings.cc(265)] Failed opening key Software\Chromium to set usagestats; result: 5
[4280:14700:0422/234212.613:WARNING:account_consistency_mode_manager.cc(77)] Desktop Identity Consistency cannot be enabled as no OAuth client ID and client secret have been configured.
[4280:2448:0422/234228.640:WARNING:leveldb_database.cc(141)] Unable to open C:\Users\ferna\Documents\GitHub\CUUnrealEngine\CUUnrealEngine\Saved\webcache_6613\Default\shared_proto_db\metadata: IO error: C:\Users\ferna\Documents\GitHub\CUUnrealEngine\CUUnrealEngine\Saved\webcache_6613\Default\shared_proto_db\metadata/MANIFEST-000001: Unable to create sequential file (ChromeMethodBFE: 7::NewSequentialFile::1)
[4280:2448:0422/234228.648:WARNING:leveldb_database.cc(141)] Unable to open C:\Users\ferna\Documents\GitHub\CUUnrealEngine\CUUnrealEngine\Saved\webcache_6613\Default\shared_proto_db\metadata: IO error: C:\Users\ferna\Documents\GitHub\CUUnrealEngine\CUUnrealEngine\Saved\webcache_6613\Default\shared_proto_db\metadata/MANIFEST-000001: Unable to create sequential file (ChromeMethodBFE: 7::NewSequentialFile::1)
[4280:2448:0422/234228.653:WARNING:leveldb_database.cc(141)] Unable to open C:\Users\ferna\Documents\GitHub\CUUnrealEngine\CUUnrealEngine\Saved\webcache_6613\Default\shared_proto_db\metadata: IO error: C:\Users\ferna\Documents\GitHub\CUUnrealEngine\CUUnrealEngine\Saved\webcache_6613\Default\shared_proto_db\metadata/MANIFEST-000001: Unable to create sequential file (ChromeMethodBFE: 7::NewSequentialFile::1)
[4280:2448:0422/234228.658:WARNING:leveldb_database.cc(141)] Unable to open C:\Users\ferna\Documents\GitHub\CUUnrealEngine\CUUnrealEngine\Saved\webcache_6613\Default\shared_proto_db\metadata: IO error: C:\Users\ferna\Documents\GitHub\CUUnrealEngine\CUUnrealEngine\Saved\webcache_6613\Default\shared_proto_db\metadata/MANIFEST-000001: Unable to create sequential file (ChromeMethodBFE: 7::NewSequentialFile::1)
[4280:2448:0422/234229.449:WARNING:value_store_frontend.cc(47)] Reading ahfgeienlihckogmohjhadlkjgocpleb.alarms from  failed: IO error: .../MANIFEST-000001: Unable to create sequential file (ChromeMethodBFE: 7::NewSequentialFile::1)
[4280:2448:0422/234229.454:WARNING:value_store_frontend.cc(47)] Reading mhjfbmdgcfjbbpaeojofohoefgiehjai.alarms from  failed: IO error: .../MANIFEST-000001: Unable to create sequential file (ChromeMethodBFE: 7::NewSequentialFile::1)
[24996:9100:0422/234229.964:WARNING:frame_impl.cc(430)] virtual CefFrameImpl::SendProcessMessage sent to detached frame 5-F188B49CD6B1F02E9D53006A05A55730 will be ignored
[4280:20044:0422/234231.433:WARNING:leveldb_database.cc(141)] Unable to open C:\Users\ferna\Documents\GitHub\CUUnrealEngine\CUUnrealEngine\Saved\webcache_6613\Default\GCM Store\Encryption: IO error: C:\Users\ferna\Documents\GitHub\CUUnrealEngine\CUUnrealEngine\Saved\webcache_6613\Default\GCM Store\Encryption/MANIFEST-000001: Unable to create sequential file (ChromeMethodBFE: 7::NewSequentialFile::1)
[23448:13912:0422/234232.471:ERROR:ssl_client_socket_impl.cc(882)] handshake failed; returned -1, SSL error code 1, net_error -107
[23448:13912:0422/234232.500:ERROR:ssl_client_socket_impl.cc(882)] handshake failed; returned -1, SSL error code 1, net_error -100
[4280:20656:0422/234232.607:ERROR:cast_crl.cc(443)] CRL - Verification failed.
[23448:13912:0422/234245.107:ERROR:ssl_client_socket_impl.cc(882)] handshake failed; returned -1, SSL error code 1, net_error -100
[23448:13912:0422/234256.227:ERROR:ssl_client_socket_impl.cc(882)] handshake failed; returned -1, SSL error code 1, net_error -100
[4280:14700:0422/235232.208:ERROR:device_event_log_impl.cc(196)] [23:52:32.202] USB: usb_service_win.cc:105 SetupDiGetDeviceProperty({{A45C254E-DF1C-4EFD-8020-67D146A850E0}, 6}) failed: No se ha encontrado el elemento. (0x490)
[4280:14700:0423/003435.525:ERROR:device_event_log_impl.cc(196)] [00:34:35.440] USB: usb_service_win.cc:105 SetupDiGetDeviceProperty({{A45C254E-DF1C-4EFD-8020-67D146A850E0}, 6}) failed: No se ha encontrado el elemento. (0x490)
[4280:20656:0423/010514.088:ERROR:cast_crl.cc(443)] CRL - Verification failed.
[4280:14700:0423/020039.558:ERROR:device_event_log_impl.cc(196)] [02:00:39.421] USB: usb_service_win.cc:105 SetupDiGetDeviceProperty({{A45C254E-DF1C-4EFD-8020-67D146A850E0}, 6}) failed: No se ha encontrado el elemento. (0x490)
[4280:14700:0423/030803.929:WARNING:pref_notifier_impl.cc(41)] Pref observer for media_router.cast_allow_all_ips found at shutdown.
