[12256:26424:0224/125930.257:WARNING:chrome_main_delegate.cc(745)] This is Chrome version 128.0.6613.138 (not a warning)
[12256:6376:0224/125930.725:ERROR:google_update_settings.cc(265)] Failed opening key Software\Chromium to set usagestats; result: 5
[12256:26424:0224/125930.764:WARNING:account_consistency_mode_manager.cc(77)] Desktop Identity Consistency cannot be enabled as no OAuth client ID and client secret have been configured.
[12256:24976:0224/125941.564:WARNING:leveldb_database.cc(141)] Unable to open C:\Users\ferna\Documents\GitHub\CUUnrealEngine\CUUnrealEngine\Saved\webcache_6613\Default\shared_proto_db\metadata: IO error: C:\Users\ferna\Documents\GitHub\CUUnrealEngine\CUUnrealEngine\Saved\webcache_6613\Default\shared_proto_db\metadata/MANIFEST-000001: Unable to create sequential file (ChromeMethodBFE: 7::NewSequentialFile::1)
[12256:24976:0224/125941.574:WARNING:leveldb_database.cc(141)] Unable to open C:\Users\ferna\Documents\GitHub\CUUnrealEngine\CUUnrealEngine\Saved\webcache_6613\Default\shared_proto_db\metadata: IO error: C:\Users\ferna\Documents\GitHub\CUUnrealEngine\CUUnrealEngine\Saved\webcache_6613\Default\shared_proto_db\metadata/MANIFEST-000001: Unable to create sequential file (ChromeMethodBFE: 7::NewSequentialFile::1)
[12256:24976:0224/125941.580:WARNING:leveldb_database.cc(141)] Unable to open C:\Users\ferna\Documents\GitHub\CUUnrealEngine\CUUnrealEngine\Saved\webcache_6613\Default\shared_proto_db\metadata: IO error: C:\Users\ferna\Documents\GitHub\CUUnrealEngine\CUUnrealEngine\Saved\webcache_6613\Default\shared_proto_db\metadata/MANIFEST-000001: Unable to create sequential file (ChromeMethodBFE: 7::NewSequentialFile::1)
[12256:24976:0224/125941.584:WARNING:leveldb_database.cc(141)] Unable to open C:\Users\ferna\Documents\GitHub\CUUnrealEngine\CUUnrealEngine\Saved\webcache_6613\Default\shared_proto_db\metadata: IO error: C:\Users\ferna\Documents\GitHub\CUUnrealEngine\CUUnrealEngine\Saved\webcache_6613\Default\shared_proto_db\metadata/MANIFEST-000001: Unable to create sequential file (ChromeMethodBFE: 7::NewSequentialFile::1)
[12256:13660:0224/125942.272:WARNING:value_store_frontend.cc(47)] Reading ahfgeienlihckogmohjhadlkjgocpleb.alarms from  failed: IO error: .../MANIFEST-000001: Unable to create sequential file (ChromeMethodBFE: 7::NewSequentialFile::1)
[12256:13660:0224/125942.281:WARNING:value_store_frontend.cc(47)] Reading mhjfbmdgcfjbbpaeojofohoefgiehjai.alarms from  failed: IO error: .../MANIFEST-000001: Unable to create sequential file (ChromeMethodBFE: 7::NewSequentialFile::1)
[12256:24348:0224/125942.586:WARNING:leveldb_database.cc(141)] Unable to open C:\Users\ferna\Documents\GitHub\CUUnrealEngine\CUUnrealEngine\Saved\webcache_6613\Default\GCM Store\Encryption: IO error: C:\Users\ferna\Documents\GitHub\CUUnrealEngine\CUUnrealEngine\Saved\webcache_6613\Default\GCM Store\Encryption/MANIFEST-000001: Unable to create sequential file (ChromeMethodBFE: 7::NewSequentialFile::1)
[11032:11124:0224/125944.527:WARNING:frame_impl.cc(430)] virtual CefFrameImpl::SendProcessMessage sent to detached frame 5-98F53CAF63965AF5B07EE4314669C526 will be ignored
[19488:17012:0224/125949.206:ERROR:ssl_client_socket_impl.cc(882)] handshake failed; returned -1, SSL error code 1, net_error -100
[12256:12264:0224/125949.364:WARNING:browser_info.cc(345)] Returning a speculative frame for [7,9]
[12256:12264:0224/125949.664:ERROR:cast_crl.cc(443)] CRL - Verification failed.
[12256:26424:0224/125949.864:WARNING:browser_info.cc(345)] Returning a speculative frame for [10,9]
[12256:26424:0224/125949.866:WARNING:browser_info.cc(345)] Returning a speculative frame for [10,9]
[12256:26424:0224/125949.867:WARNING:browser_info.cc(345)] Returning a speculative frame for [10,9]
[12256:26424:0224/125949.867:WARNING:browser_info.cc(345)] Returning a speculative frame for [10,9]
[12256:12264:0224/125949.960:WARNING:browser_info.cc(345)] Returning a speculative frame for [10,9]
[19488:17012:0224/130007.360:ERROR:ssl_client_socket_impl.cc(882)] handshake failed; returned -1, SSL error code 1, net_error -100
[12256:26424:0224/130056.884:WARNING:pref_notifier_impl.cc(41)] Pref observer for media_router.cast_allow_all_ips found at shutdown.
